[shtheme.net/demosd/handylexo1/index.html]
[shtheme.net/demosd/handylexo1/wp-content/uploads/2018/10/1-3.png]
[backblue.gif]
[fade.gif]
[index.html]
[shtheme.net/demosd/handylexo1/indexd784.html]
[shtheme.net/demosd/handylexo1/indexa6da.html]
[shtheme.net/demosd/handylexo1/wp-includes/js/jquery/jqueryb8ff.js]
[shtheme.net/demosd/handylexo1/wp-includes/js/jquery/jquery-migrate.min330a.js]
[shtheme.net/demosd/handylexo1/wp-content/plugins/woocommerce/assets/js/frontend/add-to-cart.mind7ad.js]
[shtheme.net/demosd/handylexo1/wp-content/plugins/wordpress-popular-posts/public/js/wpp-4.1.0.min8aee.js]
[shtheme.net/demosd/handylexo1/wp-content/plugins/js_composer/assets/js/vendors/woocommerce-add-to-cart8b06.js]
[shtheme.net/demosd/handylexo1/index52f0.json]
[shtheme.net/demosd/handylexo1/xmlrpc0db0.php]
[shtheme.net/demosd/handylexo1/wp-includes/wlwmanifest.xml]
[shtheme.net/demosd/handylexo1/index1358.json]
[shtheme.net/demosd/handylexo1/index5891.php]
[shtheme.net/demosd/handylexo1/wp-content/uploads/2019/01/logo3.png]
[shtheme.net/demosd/handylexo1/wp-content/uploads/2018/12/banner-2-1-man.png]
[shtheme.net/demosd/handylexo1/index30d1.html]
[shtheme.net/demosd/handylexo1/wp-content/uploads/2018/12/about-2-1.jpg]
[shtheme.net/demosd/handylexo1/indexbf8a.html]
[shtheme.net/demosd/handylexo1/wp-content/uploads/2018/10/service-2-4-1.jpg]
[shtheme.net/demosd/handylexo1/indexe1bc.html]
[shtheme.net/demosd/handylexo1/index5e2b.html]
[shtheme.net/demosd/handylexo1/wp-content/uploads/2018/10/service-2-3.jpg]
[shtheme.net/demosd/handylexo1/indexf231.html]
[shtheme.net/demosd/handylexo1/wp-content/uploads/2018/10/service-2-2.jpg]
[shtheme.net/demosd/handylexo1/index6da1.html]
[shtheme.net/demosd/handylexo1/index2040.html]
[shtheme.net/demosd/handylexo1/wp-content/uploads/2018/10/service-2-1-1.jpg]
[shtheme.net/demosd/handylexo1/index05f0.html]
[shtheme.net/demosd/handylexo1/wp-content/uploads/2018/10/service-2-3-2.jpg]
[shtheme.net/demosd/handylexo1/index404f.html]
[shtheme.net/demosd/handylexo1/wp-content/uploads/2018/10/service-2-2-1.jpg]
[shtheme.net/demosd/handylexo1/index61e9.html]
[shtheme.net/demosd/handylexo1/indexd83c.html]
[shtheme.net/demosd/handylexo1/wp-content/uploads/2018/12/feature-2-1.jpg]
[shtheme.net/demosd/handylexo1/wp-content/uploads/2018/10/testimonial3.jpg]
[shtheme.net/demosd/handylexo1/index0494.html]
[shtheme.net/demosd/handylexo1/wp-content/uploads/2018/10/testimonial2.jpg]
[shtheme.net/demosd/handylexo1/index686e.html]
[shtheme.net/demosd/handylexo1/indexab2f.html]
[shtheme.net/demosd/handylexo1/indexfcf2.html]
[shtheme.net/demosd/handylexo1/wp-content/uploads/2018/10/testimonial1.jpg]
[shtheme.net/demosd/handylexo1/index1c43.html]
[shtheme.net/demosd/handylexo1/wp-content/uploads/2018/12/project-2-4.jpg]
[shtheme.net/demosd/handylexo1/index03a3.html]
[shtheme.net/demosd/handylexo1/wp-content/uploads/2018/12/project-2-1.jpg]
[shtheme.net/demosd/handylexo1/wp-content/uploads/2018/12/project-2-3.jpg]
[shtheme.net/demosd/handylexo1/index88ea.html]
[shtheme.net/demosd/handylexo1/wp-content/uploads/2018/12/project-2-2.jpg]
[shtheme.net/demosd/handylexo1/index15f7.html]
[shtheme.net/demosd/handylexo1/wp-content/uploads/2018/12/project-2-5.jpg]
[shtheme.net/demosd/handylexo1/wp-content/uploads/2018/12/team-1-4.jpg]
[shtheme.net/demosd/handylexo1/index0e62.html]
[shtheme.net/demosd/handylexo1/wp-content/uploads/2018/12/team-1-3.jpg]
[shtheme.net/demosd/handylexo1/index9ba8.html]
[shtheme.net/demosd/handylexo1/indexbe09.html]
[shtheme.net/demosd/handylexo1/wp-content/uploads/2018/12/team-1-2.jpg]
[shtheme.net/demosd/handylexo1/indexf670.html]
[shtheme.net/demosd/handylexo1/wp-content/uploads/2018/12/team-1-1.jpg]
[shtheme.net/demosd/handylexo1/index6abd.html]
[shtheme.net/demosd/handylexo1/wp-content/uploads/2018/09/blog3.jpg]
[shtheme.net/demosd/handylexo1/indexbe10.html]
[shtheme.net/demosd/handylexo1/index6034.html]
[shtheme.net/demosd/handylexo1/wp-content/uploads/2018/09/blog1.jpg]
[shtheme.net/demosd/handylexo1/indexa981.html]
[shtheme.net/demosd/handylexo1/indexfd39.html]
[shtheme.net/demosd/handylexo1/wp-content/uploads/2018/12/client-1-1.jpg]
[shtheme.net/demosd/handylexo1/index401a.html]
[shtheme.net/demosd/handylexo1/indexa420.html]
[shtheme.net/demosd/handylexo1/wp-content/uploads/2018/12/client-1-2.jpg]
[shtheme.net/demosd/handylexo1/index0f36.html]
[shtheme.net/demosd/handylexo1/indexacd6.html]
[shtheme.net/demosd/handylexo1/wp-content/uploads/2018/12/client-1-3.jpg]
[shtheme.net/demosd/handylexo1/indexa819.html]
[shtheme.net/demosd/handylexo1/wp-content/uploads/2018/12/client-1-4.jpg]
[shtheme.net/demosd/handylexo1/wp-content/uploads/2018/12/client-1-5.jpg]
[shtheme.net/demosd/handylexo1/index9e38.html]
[shtheme.net/demosd/handylexo1/index7014.html]
[shtheme.net/demosd/handylexo1/index6353.html]
[shtheme.net/demosd/handylexo1/wp-content/uploads/2018/12/client-1-6.jpg]
[shtheme.net/demosd/handylexo1/index20a4.html]
[shtheme.net/demosd/handylexo1/wp-content/uploads/2019/01/logo.png]
[shtheme.net/demosd/handylexo1/index-2.html]
[shtheme.net/demosd/handylexo1/services.html]
[shtheme.net/demosd/handylexo1/about.html]
[shtheme.net/demosd/handylexo1/blog.html]
[shtheme.net/demosd/handylexo1/contact.html]
[shtheme.net/demosd/handylexo1/wp-content/plugins/contact-form-7/includes/js/scriptsce52.js]
[shtheme.net/demosd/handylexo1/wp-content/plugins/woocommerce/assets/js/jquery-blockui/jquery.blockUI.min44fd.js]
[shtheme.net/demosd/handylexo1/wp-content/plugins/woocommerce/assets/js/frontend/woocommerce.mind7ad.js]
[shtheme.net/demosd/handylexo1/wp-content/plugins/woocommerce/assets/js/jquery-cookie/jquery.cookie.min330a.js]
[shtheme.net/demosd/handylexo1/wp-content/plugins/woocommerce/assets/js/frontend/cart-fragments.mind7ad.js]
[shtheme.net/demosd/handylexo1/wp-content/themes/handyman/js/jquery-2.2.0.mind8f3.js]
[shtheme.net/demosd/handylexo1/wp-content/themes/handyman/js/bootstrap.mind8f3.js]
[shtheme.net/demosd/handylexo1/wp-content/themes/handyman/vendors/rs-plugin/js/jquery.themepunch.tools.mind8f3.js]
[shtheme.net/demosd/handylexo1/wp-content/themes/handyman/vendors/rs-plugin/js/jquery.themepunch.revolution.mind8f3.js]
[shtheme.net/demosd/handylexo1/wp-content/themes/handyman/vendors/rs-plugin/js/extensions/revolution.extension.actions.mind8f3.js]
[shtheme.net/demosd/handylexo1/wp-content/themes/handyman/vendors/rs-plugin/js/extensions/revolution.extension.carousel.mind8f3.js]
[shtheme.net/demosd/handylexo1/wp-content/themes/handyman/vendors/rs-plugin/js/extensions/revolution.extension.kenburn.mind8f3.js]
[shtheme.net/demosd/handylexo1/wp-content/themes/handyman/vendors/rs-plugin/js/extensions/revolution.extension.layeranimation.mind8f3.js]
[shtheme.net/demosd/handylexo1/wp-content/themes/handyman/vendors/rs-plugin/js/extensions/revolution.extension.migration.mind8f3.js]
[shtheme.net/demosd/handylexo1/wp-content/themes/handyman/vendors/rs-plugin/js/extensions/revolution.extension.navigation.mind8f3.js]
[shtheme.net/demosd/handylexo1/wp-content/themes/handyman/vendors/rs-plugin/js/extensions/revolution.extension.parallax.mind8f3.js]
[shtheme.net/demosd/handylexo1/wp-content/themes/handyman/vendors/rs-plugin/js/extensions/revolution.extension.slideanims.mind8f3.js]
[shtheme.net/demosd/handylexo1/wp-content/themes/handyman/vendors/rs-plugin/js/extensions/revolution.extension.video.mind8f3.js]
[shtheme.net/demosd/handylexo1/wp-includes/js/imagesloaded.min55a0.js]
[shtheme.net/demosd/handylexo1/wp-content/plugins/js_composer/assets/lib/bower/isotope/dist/isotope.pkgd.min8b06.js]
[shtheme.net/demosd/handylexo1/wp-content/themes/handyman/vendors/owl-carousel/owl.carousel.mind8f3.js]
[shtheme.net/demosd/handylexo1/wp-content/themes/handyman/vendors/counterup/jquery.counterup.mind8f3.js]
[shtheme.net/demosd/handylexo1/wp-content/plugins/js_composer/assets/lib/waypoints/waypoints.min8b06.js]
[shtheme.net/demosd/handylexo1/wp-content/themes/handyman/js/jquery.countdown.mind8f3.js]
[shtheme.net/demosd/handylexo1/wp-content/themes/handyman/vendors/bootstrap-select/js/bootstrap-select.mind8f3.js]
[shtheme.net/demosd/handylexo1/wp-content/themes/handyman/vendors/light.box/jquery.magnific-popup.mind8f3.js]
[shtheme.net/demosd/handylexo1/wp-content/themes/handyman/js/jquery.magnific-popup.mind8f3.js]
[shtheme.net/demosd/handylexo1/wp-content/themes/handyman/js/themed8f3.js]
[shtheme.net/demosd/handylexo1/wp-includes/js/wp-embed.mind8f3.js]
[shtheme.net/demosd/handylexo1/wp-content/plugins/js_composer/assets/js/dist/js_composer_front.min8b06.js]
[shtheme.net/demosd/handylexo1/index.html]
[shtheme.net/demosd/handylexo1/wp-content/plugins/contact-form-7/images/ajax-loader.gif]
[shtheme.net/demosd/handylexo1/wp-content/plugins/contact-form-7/includes/css/stylesce52.css]
[shtheme.net/demosd/handylexo1/wp-content/plugins/woocommerce/assets/css/woocommerce-layoutd7ad.css]
[shtheme.net/demosd/handylexo1/wp-content/plugins/woocommerce/assets/css/woocommerce-smallscreend7ad.css]
[shtheme.net/demosd/handylexo1/wp-content/plugins/woocommerce/assets/fonts/star.eot]
[shtheme.net/demosd/handylexo1/wp-content/plugins/woocommerce/assets/fonts/stard41d.eot]
[shtheme.net/demosd/handylexo1/wp-content/plugins/woocommerce/assets/fonts/star.woff]
[shtheme.net/demosd/handylexo1/wp-content/plugins/woocommerce/assets/fonts/star.ttf]
[shtheme.net/demosd/handylexo1/wp-content/plugins/woocommerce/assets/fonts/WooCommerce.eot]
[shtheme.net/demosd/handylexo1/wp-content/plugins/woocommerce/assets/fonts/WooCommerced41d.eot]
[shtheme.net/demosd/handylexo1/wp-content/plugins/woocommerce/assets/fonts/WooCommerce.woff]
[shtheme.net/demosd/handylexo1/wp-content/plugins/woocommerce/assets/fonts/WooCommerce.ttf]
[shtheme.net/demosd/handylexo1/wp-content/plugins/woocommerce/assets/css/woocommerced7ad.css]
[shtheme.net/demosd/handylexo1/wp-content/plugins/wordpress-popular-posts/public/css/wpp8aee.css]
[shtheme.net/demosd/handylexo1/wp-content/themes/handyman/fonts/glyphicons-halflings-regular.eot]
[shtheme.net/demosd/handylexo1/wp-content/themes/handyman/fonts/glyphicons-halflings-regular.woff2]
[shtheme.net/demosd/handylexo1/wp-content/themes/handyman/fonts/glyphicons-halflings-regulard41d.eot]
[shtheme.net/demosd/handylexo1/wp-content/themes/handyman/fonts/glyphicons-halflings-regular.woff]
[shtheme.net/demosd/handylexo1/wp-content/themes/handyman/fonts/glyphicons-halflings-regular.ttf]
[shtheme.net/demosd/handylexo1/wp-content/themes/handyman/css/bootstrap.mind8f3.css]
[shtheme.net/demosd/handylexo1/wp-content/themes/handyman/css/bootstrap-theme.mind8f3.css]
[shtheme.net/demosd/handylexo1/wp-content/plugins/js_composer/assets/lib/bower/font-awesome/fonts/fontawesome-webfont3e6e.eot]
[shtheme.net/demosd/handylexo1/wp-content/plugins/js_composer/assets/lib/bower/font-awesome/fonts/fontawesome-webfontd41d.eot]
[shtheme.net/demosd/handylexo1/wp-content/plugins/js_composer/assets/lib/bower/font-awesome/fonts/fontawesome-webfont3e6e.woff2]
[shtheme.net/demosd/handylexo1/wp-content/plugins/js_composer/assets/lib/bower/font-awesome/fonts/fontawesome-webfont3e6e.woff]
[shtheme.net/demosd/handylexo1/wp-content/plugins/js_composer/assets/lib/bower/font-awesome/fonts/fontawesome-webfont3e6e.ttf]
[shtheme.net/demosd/handylexo1/wp-content/plugins/js_composer/assets/lib/bower/font-awesome/css/font-awesome.min8b06.css]
[shtheme.net/demosd/handylexo1/wp-content/themes/handyman/css/fonts/Stroke-Gap-Icons.80.delayed]
[shtheme.net/demosd/handylexo1/wp-content/themes/handyman/css/strock-icond8f3.css]
[shtheme.net/demosd/handylexo1/wp-content/themes/handyman/font/Flaticon.eot]
[shtheme.net/demosd/handylexo1/wp-content/themes/handyman/font/Flaticond41d.eot]
[shtheme.net/demosd/handylexo1/wp-content/themes/handyman/font/Flaticon.woff2]
[shtheme.net/demosd/handylexo1/wp-content/themes/handyman/font/Flaticon.woff]
[shtheme.net/demosd/handylexo1/wp-content/themes/handyman/font/Flaticon.ttf]
[shtheme.net/demosd/handylexo1/wp-content/themes/handyman/font/flaticond8f3.css]
[shtheme.net/demosd/handylexo1/wp-content/themes/handyman/vendors/pro-master-icon/fonts/pro-master-iconcde3.eot]
[shtheme.net/demosd/handylexo1/wp-content/themes/handyman/vendors/pro-master-icon/fonts/pro-master-iconcde3.ttf]
[shtheme.net/demosd/handylexo1/wp-content/themes/handyman/vendors/pro-master-icon/fonts/pro-master-iconcde3.woff]
[shtheme.net/demosd/handylexo1/wp-content/themes/handyman/vendors/pro-master-icon/styled8f3.css]
[shtheme.net/demosd/handylexo1/wp-content/themes/handyman/vendors/owl-carousel/assets/owl.video.play.png]
[shtheme.net/demosd/handylexo1/wp-content/themes/handyman/vendors/owl-carousel/assets/owl.carouseld8f3.css]
[shtheme.net/demosd/handylexo1/wp-content/themes/handyman/vendors/light.box/magnific-popupd8f3.css]
[shtheme.net/demosd/handylexo1/wp-content/themes/handyman/css/bs-custom-menud8f3.css]
[shtheme.net/demosd/handylexo1/wp-content/themes/handyman/css/animate.mind8f3.css]
[shtheme.net/demosd/handylexo1/wp-content/themes/handyman/vendors/rs-plugin/fonts/revicons/revicons90c6.eot]
[shtheme.net/demosd/handylexo1/wp-content/themes/handyman/vendors/rs-plugin/fonts/revicons/revicons90c6.woff]
[shtheme.net/demosd/handylexo1/wp-content/themes/handyman/vendors/rs-plugin/fonts/revicons/revicons90c6.ttf]
[shtheme.net/demosd/handylexo1/wp-content/themes/handyman/vendors/rs-plugin/assets/gridtile.png]
[shtheme.net/demosd/handylexo1/wp-content/themes/handyman/vendors/rs-plugin/assets/gridtile_white.png]
[shtheme.net/demosd/handylexo1/wp-content/themes/handyman/vendors/rs-plugin/assets/gridtile_3x3.png]
[shtheme.net/demosd/handylexo1/wp-content/themes/handyman/vendors/rs-plugin/assets/gridtile_3x3_white.png]
[shtheme.net/demosd/handylexo1/wp-content/themes/handyman/vendors/rs-plugin/assets/coloredbg.png]
[shtheme.net/demosd/handylexo1/wp-content/themes/handyman/vendors/rs-plugin/assets/loader.gif]
[shtheme.net/demosd/handylexo1/wp-content/themes/handyman/vendors/rs-plugin/css/settingsd8f3.css]
[shtheme.net/demosd/handylexo1/wp-content/themes/handyman/images/header/header-bg.jpg]
[shtheme.net/demosd/handylexo1/wp-content/themes/handyman/images/updated-image/header-top-2-bg.jpg]
[shtheme.net/demosd/handylexo1/wp-content/themes/handyman/images/updated-image/banner-2-1-bg.jpg]
[shtheme.net/demosd/handylexo1/wp-content/themes/handyman/images/updated-image/banner-2-1-man.png]
[shtheme.net/demosd/handylexo1/wp-content/themes/handyman/images/updated-image/qoute-form-style-one-bg.jpg]
[shtheme.net/demosd/handylexo1/wp-content/themes/handyman/images/our_team/bg.png]
[shtheme.net/demosd/handylexo1/wp-content/themes/handyman/images/our_team/bg2.jpg]
[shtheme.net/demosd/handylexo1/wp-content/themes/handyman/images/single-member/img_bg1.jpg]
[shtheme.net/demosd/handylexo1/wp-content/themes/handyman/images/project/background.jpg]
[shtheme.net/demosd/handylexo1/wp-content/themes/handyman/images/protfolio/protfoliobg.png]
[shtheme.net/demosd/handylexo1/wp-content/themes/handyman/images/we_do/bg.jpg]
[shtheme.net/demosd/handylexo1/wp-content/themes/handyman/images/counte_rbg.jpg]
[shtheme.net/demosd/handylexo1/wp-content/themes/handyman/images/updated-image/fun-fact-bg-1.jpg]
[shtheme.net/demosd/handylexo1/wp-content/themes/handyman/images/services.png]
[shtheme.net/demosd/handylexo1/wp-content/themes/handyman/images/testimonials/bg.jpg]
[shtheme.net/demosd/handylexo1/wp-content/themes/handyman/images/updated-image/testi-2-bg.jpg]
[shtheme.net/demosd/handylexo1/wp-content/themes/handyman/images/updated-image/qoute-angle-1-1.png]
[shtheme.net/demosd/handylexo1/wp-content/themes/handyman/images/updated-image/testi-qoute-2-1.png]
[shtheme.net/demosd/handylexo1/wp-content/themes/handyman/images/page-cover.jpg]
[shtheme.net/demosd/handylexo1/wp-content/themes/handyman/images/services/bg.jpg]
[shtheme.net/demosd/handylexo1/wp-content/themes/handyman/images/404.jpg]
[shtheme.net/demosd/handylexo1/wp-content/themes/handyman/images/subscribe.jpg]
[shtheme.net/demosd/handylexo1/wp-content/themes/handyman/images/select-menu-arrow.png]
[shtheme.net/demosd/handylexo1/wp-content/themes/handyman/images/comming-soon-bg.jpg]
[shtheme.net/demosd/handylexo1/wp-content/themes/handyman/images/updated-image/about-3-bg-1.jpg]
[shtheme.net/demosd/handylexo1/wp-content/themes/handyman/images/updated-image/cta-two-bg.jpg]
[shtheme.net/demosd/handylexo1/wp-content/themes/handyman/images/updated-image/cta-three-bg.jpg]
[shtheme.net/demosd/handylexo1/wp-content/themes/handyman/images/updated-image/cta-four-bg.jpg]
[shtheme.net/demosd/handylexo1/wp-content/themes/handyman/css/styled8f3.css]
[shtheme.net/demosd/handylexo1/wp-content/themes/handyman/css/responsived8f3.css]
[shtheme.net/demosd/handylexo1/wp-content/uploads/2018/10/services.png]
[shtheme.net/demosd/handylexo1/wp-content/themes/handyman/style2f23.css]
[shtheme.net/demosd/handylexo1/wp-content/plugins/js_composer/assets/vc/alert.png]
[shtheme.net/demosd/handylexo1/wp-content/plugins/js_composer/assets/vc/info.png]
[shtheme.net/demosd/handylexo1/wp-content/plugins/js_composer/assets/vc/tick.png]
[shtheme.net/demosd/handylexo1/wp-content/plugins/js_composer/assets/vc/exclamation.png]
[shtheme.net/demosd/handylexo1/wp-content/plugins/js_composer/assets/images/icons/address-book.png]
[shtheme.net/demosd/handylexo1/wp-content/plugins/js_composer/assets/images/icons/alarm-clock.png]
[shtheme.net/demosd/handylexo1/wp-content/plugins/js_composer/assets/images/icons/anchor.png]
[shtheme.net/demosd/handylexo1/wp-content/plugins/js_composer/assets/images/icons/application-image.png]
[shtheme.net/demosd/handylexo1/wp-content/plugins/js_composer/assets/images/icons/arrow.png]
[shtheme.net/demosd/handylexo1/wp-content/plugins/js_composer/assets/images/icons/asterisk.png]
[shtheme.net/demosd/handylexo1/wp-content/plugins/js_composer/assets/images/icons/auction-hammer.png]
[shtheme.net/demosd/handylexo1/wp-content/plugins/js_composer/assets/images/icons/balloon.png]
[shtheme.net/demosd/handylexo1/wp-content/plugins/js_composer/assets/images/icons/balloon-buzz.png]
[shtheme.net/demosd/handylexo1/wp-content/plugins/js_composer/assets/images/icons/balloon-facebook.png]
[shtheme.net/demosd/handylexo1/wp-content/plugins/js_composer/assets/images/icons/balloon-twitter.png]
[shtheme.net/demosd/handylexo1/wp-content/plugins/js_composer/assets/images/icons/battery-full.png]
[shtheme.net/demosd/handylexo1/wp-content/plugins/js_composer/assets/images/icons/binocular.png]
[shtheme.net/demosd/handylexo1/wp-content/plugins/js_composer/assets/images/icons/blue-document-excel.png]
[shtheme.net/demosd/handylexo1/wp-content/plugins/js_composer/assets/images/icons/blue-document-image.png]
[shtheme.net/demosd/handylexo1/wp-content/plugins/js_composer/assets/images/icons/blue-document-music.png]
[shtheme.net/demosd/handylexo1/wp-content/plugins/js_composer/assets/images/icons/blue-document-office.png]
[shtheme.net/demosd/handylexo1/wp-content/plugins/js_composer/assets/images/icons/blue-document-pdf.png]
[shtheme.net/demosd/handylexo1/wp-content/plugins/js_composer/assets/images/icons/blue-document-powerpoint.png]
[shtheme.net/demosd/handylexo1/wp-content/plugins/js_composer/assets/images/icons/blue-document-word.png]
[shtheme.net/demosd/handylexo1/wp-content/plugins/js_composer/assets/images/icons/bookmark.png]
[shtheme.net/demosd/handylexo1/wp-content/plugins/js_composer/assets/images/icons/camcorder.png]
[shtheme.net/demosd/handylexo1/wp-content/plugins/js_composer/assets/images/icons/camera.png]
[shtheme.net/demosd/handylexo1/wp-content/plugins/js_composer/assets/images/icons/chart.png]
[shtheme.net/demosd/handylexo1/wp-content/plugins/js_composer/assets/images/icons/chart-pie.png]
[shtheme.net/demosd/handylexo1/wp-content/plugins/js_composer/assets/images/icons/clock.png]
[shtheme.net/demosd/handylexo1/wp-content/plugins/js_composer/assets/images/icons/control.png]
[shtheme.net/demosd/handylexo1/wp-content/plugins/js_composer/assets/images/icons/fire.png]
[shtheme.net/demosd/handylexo1/wp-content/plugins/js_composer/assets/images/icons/heart.png]
[shtheme.net/demosd/handylexo1/wp-content/plugins/js_composer/assets/images/icons/mail.png]
[shtheme.net/demosd/handylexo1/wp-content/plugins/js_composer/assets/images/icons/plus-shield.png]
[shtheme.net/demosd/handylexo1/wp-content/plugins/js_composer/assets/images/icons/video.png]
[shtheme.net/demosd/handylexo1/wp-content/plugins/js_composer/assets/fonts/vc_icons_v2/fonts/vcpb-plugin-icons01aa.ttf]
[shtheme.net/demosd/handylexo1/wp-content/plugins/js_composer/assets/fonts/vc_icons_v2/fonts/vcpb-plugin-icons01aa.woff]
[shtheme.net/demosd/handylexo1/wp-content/plugins/js_composer/assets/images/toggle_open.png]
[shtheme.net/demosd/handylexo1/wp-content/plugins/js_composer/assets/images/toggle_close.png]
[shtheme.net/demosd/handylexo1/wp-content/plugins/js_composer/assets/images/flickr.png]
[shtheme.net/demosd/handylexo1/wp-content/plugins/js_composer/assets/fonts/vc_grid/vc_grid_v157a1.eot]
[shtheme.net/demosd/handylexo1/wp-content/plugins/js_composer/assets/fonts/vc_grid/vc_grid_v1d41d.eot]
[shtheme.net/demosd/handylexo1/wp-content/plugins/js_composer/assets/fonts/vc_grid/vc_grid_v157a1.woff]
[shtheme.net/demosd/handylexo1/wp-content/plugins/js_composer/assets/fonts/vc_grid/vc_grid_v157a1.ttf]
[shtheme.net/demosd/handylexo1/wp-content/plugins/js_composer/assets/images/spinner.gif]
[shtheme.net/demosd/handylexo1/wp-content/plugins/js_composer/assets/vc/remove.png]
[shtheme.net/demosd/handylexo1/wp-content/plugins/js_composer/assets/css/js_composer.min8b06.css]
[shtheme.net/demosd/handylexo1/index911d.json]
[shtheme.net/demosd/handylexo1/index6591.php]
[shtheme.net/demosd/handylexo1/index30d1.html]
[shtheme.net/demosd/handylexo1/indexf6a0.json]
[shtheme.net/demosd/handylexo1/index0ef1.php]
[shtheme.net/demosd/handylexo1/wp-content/uploads/2018/10/1.jpg]
[shtheme.net/demosd/handylexo1/wp-content/uploads/2018/10/2.jpg]
[shtheme.net/demosd/handylexo1/wp-content/uploads/2018/10/3.jpg]
[shtheme.net/demosd/handylexo1/wp-content/uploads/2018/10/1-1.jpg]
[shtheme.net/demosd/handylexo1/index6aa7.html]
[shtheme.net/demosd/handylexo1/wp-content/uploads/2018/10/background.jpg]
[shtheme.net/demosd/handylexo1/wp-content/uploads/2018/10/6.jpg]
[shtheme.net/demosd/handylexo1/indexa483.html]
[shtheme.net/demosd/handylexo1/wp-content/uploads/2018/10/5.jpg]
[shtheme.net/demosd/handylexo1/indexf641.html]
[shtheme.net/demosd/handylexo1/wp-content/uploads/2018/10/4.jpg]
[shtheme.net/demosd/handylexo1/index9d39.html]
[shtheme.net/demosd/handylexo1/wp-content/uploads/2018/10/3-1.jpg]
[shtheme.net/demosd/handylexo1/indexc577.html]
[shtheme.net/demosd/handylexo1/wp-content/uploads/2018/10/2-1.jpg]
[shtheme.net/demosd/handylexo1/index7c91.html]
[shtheme.net/demosd/handylexo1/wp-content/uploads/2018/10/1-2.jpg]
[shtheme.net/demosd/handylexo1/index3810.html]
[shtheme.net/demosd/handylexo1/wp-content/uploads/2018/10/1.png]
[shtheme.net/demosd/handylexo1/index780f.html]
[shtheme.net/demosd/handylexo1/wp-content/uploads/2018/10/bg.png]
[shtheme.net/demosd/handylexo1/indexeda6.html]
[shtheme.net/demosd/handylexo1/wp-content/uploads/2018/10/3.png]
[shtheme.net/demosd/handylexo1/index4952.html]
[shtheme.net/demosd/handylexo1/wp-content/uploads/2018/10/4.png]
[shtheme.net/demosd/handylexo1/index71f8.html]
[shtheme.net/demosd/handylexo1/index6b27.html]
[shtheme.net/demosd/handylexo1/wp-content/uploads/2018/10/1-1.png]
[shtheme.net/demosd/handylexo1/index7e6c.html]
[shtheme.net/demosd/handylexo1/indexd52b.html]
[shtheme.net/demosd/handylexo1/wp-content/uploads/2018/10/2.png]
[shtheme.net/demosd/handylexo1/index57b7.html]
[shtheme.net/demosd/handylexo1/wp-content/uploads/2018/10/counte_rbg.jpg]
[shtheme.net/demosd/handylexo1/indexfd9c.html]
[shtheme.net/demosd/handylexo1/wp-content/uploads/2018/09/blog2.jpg]
[shtheme.net/demosd/handylexo1/index2d2a.html]
[shtheme.net/demosd/handylexo1/wp-content/uploads/2018/10/team1-1.jpg]
[shtheme.net/demosd/handylexo1/wp-content/uploads/2018/10/team3.png]
[shtheme.net/demosd/handylexo1/indexcd64.html]
[shtheme.net/demosd/handylexo1/wp-content/uploads/2018/10/team2.png]
[shtheme.net/demosd/handylexo1/wp-content/uploads/2018/10/team5.png]
[shtheme.net/demosd/handylexo1/wp-content/uploads/2018/10/team4.png]
[shtheme.net/demosd/handylexo1/wp-content/uploads/2018/10/team6.png]
[shtheme.net/demosd/handylexo1/indexbf8a.html]
[shtheme.net/demosd/handylexo1/index1f8f.json]
[shtheme.net/demosd/handylexo1/indexb593.php]
[shtheme.net/demosd/handylexo1/wp-content/uploads/2018/12/banner-3-3.jpg]
[shtheme.net/demosd/handylexo1/wp-content/uploads/2018/12/banner-3-2.jpg]
[shtheme.net/demosd/handylexo1/wp-content/uploads/2018/12/banner-3-1.jpg]
[shtheme.net/demosd/handylexo1/wp-content/uploads/2018/12/ceo-sign.png]
[shtheme.net/demosd/handylexo1/wp-content/uploads/2018/10/1-3.jpg]
[shtheme.net/demosd/handylexo1/wp-content/uploads/2018/10/2-2.jpg]
[shtheme.net/demosd/handylexo1/index3dee.html]
[shtheme.net/demosd/handylexo1/index0ba6.html]
[shtheme.net/demosd/handylexo1/wp-content/uploads/2018/10/3-2.jpg]
[shtheme.net/demosd/handylexo1/index4e1e.html]
[shtheme.net/demosd/handylexo1/wp-content/uploads/2018/10/4-1.jpg]
[shtheme.net/demosd/handylexo1/index947d.html]
[shtheme.net/demosd/handylexo1/wp-content/uploads/2018/10/5-1.jpg]
[shtheme.net/demosd/handylexo1/wp-content/uploads/2018/10/6-1.jpg]
[shtheme.net/demosd/handylexo1/wp-content/themes/handyman/images/updated-image/testi-qoute-1-1.png]
[shtheme.net/demosd/handylexo1/wp-content/uploads/2018/12/qoute-form-style-one-bg.jpg]
[shtheme.net/demosd/handylexo1/wp-content/uploads/2018/12/qoute-form-style-one-man.png]
[shtheme.net/demosd/handylexo1/indexe1bc.html]
[shtheme.net/demosd/handylexo1/index345d.json]
[shtheme.net/demosd/handylexo1/index5419.php]
[shtheme.net/demosd/handylexo1/wp-content/uploads/2018/12/banner-4-1.jpg]
[shtheme.net/demosd/handylexo1/wp-content/uploads/2018/12/banner-4-2.jpg]
[shtheme.net/demosd/handylexo1/wp-content/uploads/2018/12/banner-4-3.jpg]
[shtheme.net/demosd/handylexo1/wp-content/uploads/2018/12/cta-three-bg.jpg]
[shtheme.net/demosd/handylexo1/wp-content/uploads/2018/12/cta-three-1.jpg]
[shtheme.net/demosd/handylexo1/wp-content/uploads/2018/12/cta-two-bg.jpg]
[shtheme.net/demosd/handylexo1/index5e2b.html]
[shtheme.net/demosd/handylexo1/indexf23e.json]
[shtheme.net/demosd/handylexo1/indexf95e.php]
[shtheme.net/demosd/handylexo1/wp-content/uploads/2018/12/banner-5-1.jpg]
[shtheme.net/demosd/handylexo1/wp-content/uploads/2018/12/banner-5-2.jpg]
[shtheme.net/demosd/handylexo1/wp-content/uploads/2018/12/banner-5-3.jpg]
[shtheme.net/demosd/handylexo1/wp-content/uploads/2018/12/about-3-1.png]
[shtheme.net/demosd/handylexo1/wp-content/uploads/2018/12/about-sign-1.png]
[shtheme.net/demosd/handylexo1/wp-content/uploads/2018/12/about-3-bg-1.jpg]
[shtheme.net/demosd/handylexo1/wp-content/uploads/2018/12/project-3-2.jpg]
[shtheme.net/demosd/handylexo1/wp-content/uploads/2018/12/project-3-3.jpg]
[shtheme.net/demosd/handylexo1/wp-content/uploads/2018/12/project-3-5.jpg]
[shtheme.net/demosd/handylexo1/index0c5c.html]
[shtheme.net/demosd/handylexo1/wp-content/uploads/2018/12/project-3-4.jpg]
[shtheme.net/demosd/handylexo1/index9a83.html]
[shtheme.net/demosd/handylexo1/wp-content/uploads/2018/12/project-3-1.jpg]
[shtheme.net/demosd/handylexo1/indexb17d.html]
[shtheme.net/demosd/handylexo1/indexbe59.html]
[shtheme.net/demosd/handylexo1/wp-content/uploads/2018/12/cta-four-bg.jpg]
[shtheme.net/demosd/handylexo1/indexf231.html]
[shtheme.net/demosd/handylexo1/index48e6.html]
[shtheme.net/demosd/handylexo1/index277f.json]
[shtheme.net/demosd/handylexo1/index0b9e.php]
[shtheme.net/demosd/handylexo1/wp-content/themes/handyman/images/header/logo.png]
[shtheme.net/demosd/handylexo1/wp-content/uploads/2018/10/protfoliobg.png]
[shtheme.net/demosd/handylexo1/wp-content/uploads/2018/10/protfolio9.jpg]
[shtheme.net/demosd/handylexo1/wp-content/uploads/2018/10/protfolio8.jpg]
[shtheme.net/demosd/handylexo1/wp-content/uploads/2018/10/protfolio7.jpg]
[shtheme.net/demosd/handylexo1/index159b.html]
[shtheme.net/demosd/handylexo1/wp-content/uploads/2018/10/protfolio6.jpg]
[shtheme.net/demosd/handylexo1/indexd9d7.html]
[shtheme.net/demosd/handylexo1/wp-content/uploads/2018/10/protfolio5.jpg]
[shtheme.net/demosd/handylexo1/index3935.html]
[shtheme.net/demosd/handylexo1/wp-content/uploads/2018/10/protfolio4.jpg]
[shtheme.net/demosd/handylexo1/index739b.html]
[shtheme.net/demosd/handylexo1/wp-content/uploads/2018/10/protfolio3.jpg]
[shtheme.net/demosd/handylexo1/wp-content/uploads/2018/10/protfolio2.jpg]
[shtheme.net/demosd/handylexo1/index7916.html]
[shtheme.net/demosd/handylexo1/index9194.html]
[shtheme.net/demosd/handylexo1/wp-content/uploads/2018/10/protfolio1.jpg]
[shtheme.net/demosd/handylexo1/wp-content/uploads/2018/10/bg.jpg]
[shtheme.net/demosd/handylexo1/indexd177.html]
[shtheme.net/demosd/handylexo1/index5b6c.html]
[shtheme.net/demosd/handylexo1/wp-content/uploads/2018/10/1-2.png]
[shtheme.net/demosd/handylexo1/wp-content/uploads/2018/10/2-1.png]
[shtheme.net/demosd/handylexo1/wp-content/uploads/2018/10/3-1.png]
[shtheme.net/demosd/handylexo1/wp-content/uploads/2018/10/bg3.jpg]
[shtheme.net/demosd/handylexo1/wp-content/uploads/2018/10/bg-1.jpg]
[shtheme.net/demosd/handylexo1/wp-content/uploads/2018/10/bg2.jpg]
[shtheme.net/demosd/handylexo1/wp-content/uploads/2018/10/Single-member-Profilebg2.jpg]
[shtheme.net/demosd/handylexo1/wp-content/uploads/2018/10/subscribe-1.jpg]
[shtheme.net/demosd/handylexo1/index6da1.html]
[shtheme.net/demosd/handylexo1/indexbcef.json]
[shtheme.net/demosd/handylexo1/index6ec1.php]
[shtheme.net/demosd/handylexo1/wp-content/uploads/2018/10/page-cover.jpg]
[shtheme.net/demosd/handylexo1/wp-content/uploads/2018/10/bg-2.jpg]
[shtheme.net/demosd/handylexo1/wp-content/uploads/2018/10/bg2-1.jpg]
[shtheme.net/demosd/handylexo1/index2040.html]
[shtheme.net/demosd/handylexo1/index7ee9.json]
[shtheme.net/demosd/handylexo1/index7a8e.php]
[shtheme.net/demosd/handylexo1/wp-content/uploads/2018/10/service_2_4.jpg]
[shtheme.net/demosd/handylexo1/wp-content/uploads/2018/10/pdf_icon.png]
[shtheme.net/demosd/handylexo1/wp-content/uploads/2018/10/dload_icon.png]
[shtheme.net/demosd/handylexo1/wp-content/uploads/2018/10/service_2_1.jpg]
[shtheme.net/demosd/handylexo1/wp-content/uploads/2018/10/service_2_2.jpg]
[shtheme.net/demosd/handylexo1/wp-content/uploads/2018/10/service_2_3.jpg]
[shtheme.net/demosd/handylexo1/wp-includes/js/comment-reply.mind8f3.js]
[shtheme.net/demosd/handylexo1/index05f0.html]
[shtheme.net/demosd/handylexo1/indexc3b0.json]
[shtheme.net/demosd/handylexo1/indexd691.php]
[shtheme.net/demosd/handylexo1/index404f.html]
[shtheme.net/demosd/handylexo1/indexaaa2.json]
[shtheme.net/demosd/handylexo1/index428e.php]
[shtheme.net/demosd/handylexo1/index61e9.html]
[shtheme.net/demosd/handylexo1/index7645.json]
[shtheme.net/demosd/handylexo1/index6089.php]
[shtheme.net/demosd/handylexo1/wp-content/uploads/2018/10/Project-Details1.jpg]
[shtheme.net/demosd/handylexo1/wp-content/uploads/2018/10/Project-Details2.jpg]
[shtheme.net/demosd/handylexo1/wp-content/uploads/2018/10/Project-Details3.jpg]
[shtheme.net/demosd/handylexo1/wp-content/uploads/2018/10/Project-Details4.jpg]
[shtheme.net/demosd/handylexo1/wp-content/uploads/2018/10/Project-Details5.jpg]
[shtheme.net/demosd/handylexo1/single-project.159.delayed]
[shtheme.net/demosd/handylexo1/indexd83c.html]
[shtheme.net/demosd/handylexo1/index2055.json]
[shtheme.net/demosd/handylexo1/indexc3b4.php]
[shtheme.net/demosd/handylexo1/index0494.html]
[shtheme.net/demosd/handylexo1/index46a1.html]
[shtheme.net/demosd/handylexo1/index979e.html]
[shtheme.net/demosd/handylexo1/indexd205.html]
[shtheme.net/demosd/handylexo1/index11c3.json]
[shtheme.net/demosd/handylexo1/index4bcd.html]
[shtheme.net/demosd/handylexo1/index41ea.html]
[shtheme.net/demosd/handylexo1/indexf1d0.php]
[shtheme.net/demosd/handylexo1/wp-content/uploads/2018/10/img1.jpg]
[shtheme.net/demosd/handylexo1/wp-content/uploads/2018/10/icon1.png]
[shtheme.net/demosd/handylexo1/wp-content/uploads/2018/10/img2.jpg]
[shtheme.net/demosd/handylexo1/wp-content/uploads/2018/10/img3.jpg]
[shtheme.net/demosd/handylexo1/wp-content/uploads/2018/10/Single-member2.jpg]
[shtheme.net/demosd/handylexo1/wp-content/uploads/2018/10/Single-member-Profilebg.jpg]
[shtheme.net/demosd/handylexo1/index686e.html]
[shtheme.net/demosd/handylexo1/index7c78.json]
[shtheme.net/demosd/handylexo1/index625e.php]
[shtheme.net/demosd/handylexo1/wp-content/uploads/2018/10/3-3.png]
[shtheme.net/demosd/handylexo1/wp-content/uploads/2018/10/2-3.png]
[shtheme.net/demosd/handylexo1/wp-content/uploads/2018/10/1-4.png]
[shtheme.net/demosd/handylexo1/indexab2f.html]
[shtheme.net/demosd/handylexo1/indexf525.json]
[shtheme.net/demosd/handylexo1/indexf41e.php]
[shtheme.net/demosd/handylexo1/wp-content/themes/handyman/images/404-2.png]
[shtheme.net/demosd/handylexo1/indexfcf2.html]
[shtheme.net/demosd/handylexo1/indexa401.json]
[shtheme.net/demosd/handylexo1/indexd06b.php]
[shtheme.net/demosd/handylexo1/wp-content/uploads/2018/10/comming-soon-bg.jpg]
[shtheme.net/demosd/handylexo1/wp-content/uploads/2018/10/comming-soon-1.jpg]
[shtheme.net/demosd/handylexo1/wp-content/uploads/2018/10/comming-soon-2.jpg]
[shtheme.net/demosd/handylexo1/wp-content/uploads/2018/10/comming-soon-3.jpg]
[shtheme.net/demosd/handylexo1/index1c43.html]
[shtheme.net/demosd/handylexo1/indexd7dd.html]
[shtheme.net/demosd/handylexo1/index9844.html]
[shtheme.net/demosd/handylexo1/index72a5.json]
[shtheme.net/demosd/handylexo1/indexda3c.php]
[shtheme.net/demosd/handylexo1/wp-content/plugins/woocommerce/assets/js/frontend/country-select.mind7ad.js]
[shtheme.net/demosd/handylexo1/wp-content/plugins/woocommerce/assets/js/frontend/address-i18n.mind7ad.js]
[shtheme.net/demosd/handylexo1/wp-content/plugins/woocommerce/assets/js/frontend/cart.mind7ad.js]
[shtheme.net/demosd/handylexo1/index03a3.html]
[shtheme.net/demosd/handylexo1/index5907.html]
[shtheme.net/demosd/handylexo1/indexf813.json]
[shtheme.net/demosd/handylexo1/indexce23.html]
[shtheme.net/demosd/handylexo1/indexa837.php]
[shtheme.net/demosd/handylexo1/wp-content/uploads/2018/10/4-5.jpg]
[shtheme.net/demosd/handylexo1/wp-content/uploads/2018/10/4-3.jpg]
[shtheme.net/demosd/handylexo1/index49ce.html]
[shtheme.net/demosd/handylexo1/wp-content/uploads/2018/10/product-details.jpg]
[shtheme.net/demosd/handylexo1/index376e.html]
[shtheme.net/demosd/handylexo1/index5b0d.html]
[shtheme.net/demosd/handylexo1/wp-content/uploads/2018/10/3-4.jpg]
[shtheme.net/demosd/handylexo1/index29c7.html]
[shtheme.net/demosd/handylexo1/wp-content/uploads/2018/10/2-4.jpg]
[shtheme.net/demosd/handylexo1/indexc5b3.html]
[shtheme.net/demosd/handylexo1/index1cd2.html]
[shtheme.net/demosd/handylexo1/index1259.html]
[shtheme.net/demosd/handylexo1/index9d7b.html]
[shtheme.net/demosd/handylexo1/indexf984.html]
[shtheme.net/demosd/handylexo1/wp-content/uploads/2018/10/1-5.jpg]
[shtheme.net/demosd/handylexo1/index9940.html]
[shtheme.net/demosd/handylexo1/index18a1.html]
[shtheme.net/demosd/handylexo1/wp-content/plugins/woocommerce/assets/js/prettyPhoto/jquery.prettyPhoto.min005e.js]
[shtheme.net/demosd/handylexo1/index1319.html]
[shtheme.net/demosd/handylexo1/index00f8.html]
[shtheme.net/demosd/handylexo1/wp-content/plugins/woocommerce/assets/js/prettyPhoto/jquery.prettyPhoto.init.mind7ad.js]
[shtheme.net/demosd/handylexo1/indexd5d5.html]
[shtheme.net/demosd/handylexo1/index73a3.html]
[shtheme.net/demosd/handylexo1/indexad9f.html]
[shtheme.net/demosd/handylexo1/index161f.html]
[shtheme.net/demosd/handylexo1/index9d7e.html]
[shtheme.net/demosd/handylexo1/indexf3fb.html]
[shtheme.net/demosd/handylexo1/wp-content/plugins/woocommerce/assets/js/frontend/single-product.mind7ad.js]
[shtheme.net/demosd/handylexo1/index88ea.html]
[shtheme.net/demosd/handylexo1/index6e12.json]
[shtheme.net/demosd/handylexo1/index098b.php]
[shtheme.net/demosd/handylexo1/wp-content/uploads/2018/09/4.jpg]
[shtheme.net/demosd/handylexo1/wp-content/uploads/2018/09/1.jpg]
[shtheme.net/demosd/handylexo1/wp-content/uploads/2018/09/2.jpg]
[shtheme.net/demosd/handylexo1/wp-content/uploads/2018/09/3.jpg]
[shtheme.net/demosd/handylexo1/index15f7.html]
[shtheme.net/demosd/handylexo1/index3248.html]
[shtheme.net/demosd/handylexo1/indexcb52.json]
[shtheme.net/demosd/handylexo1/index678b.html]
[shtheme.net/demosd/handylexo1/index2188.php]
[shtheme.net/demosd/handylexo1/index0e62.html]
[shtheme.net/demosd/handylexo1/index2231.html]
[shtheme.net/demosd/handylexo1/indexd6d3.json]
[shtheme.net/demosd/handylexo1/index8e1d.html]
[shtheme.net/demosd/handylexo1/index3317.html]
[shtheme.net/demosd/handylexo1/index4eab.php]
[shtheme.net/demosd/handylexo1/index0b56.html]
[shtheme.net/demosd/handylexo1/index5418.html]
[shtheme.net/demosd/handylexo1/index9ba8.html]
[shtheme.net/demosd/handylexo1/indexd766.html]
[shtheme.net/demosd/handylexo1/index01ca.html]
[shtheme.net/demosd/handylexo1/index0ec7.json]
[shtheme.net/demosd/handylexo1/indexa088.php]
[shtheme.net/demosd/handylexo1/indexbe09.html]
[shtheme.net/demosd/handylexo1/index596a.json]
[shtheme.net/demosd/handylexo1/indexf5b4.php]
[shtheme.net/demosd/handylexo1/indexf670.html]
[shtheme.net/demosd/handylexo1/index335e.json]
[shtheme.net/demosd/handylexo1/index3f46.php]
[shtheme.net/demosd/handylexo1/index6abd.html]
[shtheme.net/demosd/handylexo1/index0ecb.json]
[shtheme.net/demosd/handylexo1/index9102.php]
[shtheme.net/demosd/handylexo1/indexbe10.html]
[shtheme.net/demosd/handylexo1/indexe028.json]
[shtheme.net/demosd/handylexo1/index7551.php]
[shtheme.net/demosd/handylexo1/index6034.html]
[shtheme.net/demosd/handylexo1/index73d8.json]
[shtheme.net/demosd/handylexo1/indexad18.html]
[shtheme.net/demosd/handylexo1/index0a02.php]
[shtheme.net/demosd/handylexo1/indexa981.html]
[shtheme.net/demosd/handylexo1/index4e04.json]
[shtheme.net/demosd/handylexo1/index3645.html]
[shtheme.net/demosd/handylexo1/indexd9bc.php]
[shtheme.net/demosd/handylexo1/indexfd39.html]
[shtheme.net/demosd/handylexo1/index5466.json]
[shtheme.net/demosd/handylexo1/index8f1a.php]
[shtheme.net/demosd/handylexo1/index401a.html]
[shtheme.net/demosd/handylexo1/indexfa56.json]
[shtheme.net/demosd/handylexo1/indexf3ab.php]
[shtheme.net/demosd/handylexo1/index0f36.html]
[shtheme.net/demosd/handylexo1/index2f91.json]
[shtheme.net/demosd/handylexo1/indexa851.php]
[shtheme.net/demosd/handylexo1/indexa420.html]
[shtheme.net/demosd/handylexo1/indexfd62.json]
[shtheme.net/demosd/handylexo1/index8d75.php]
[shtheme.net/demosd/handylexo1/indexacd6.html]
[shtheme.net/demosd/handylexo1/indexe4d4.json]
[shtheme.net/demosd/handylexo1/index243f.php]
[shtheme.net/demosd/handylexo1/indexa819.html]
[shtheme.net/demosd/handylexo1/index30df.json]
[shtheme.net/demosd/handylexo1/index42cb.html]
[shtheme.net/demosd/handylexo1/indexa6e3.php]
[shtheme.net/demosd/handylexo1/index9e38.html]
[shtheme.net/demosd/handylexo1/index1421.html]
[shtheme.net/demosd/handylexo1/index962a.json]
[shtheme.net/demosd/handylexo1/index5c2a.php]
[shtheme.net/demosd/handylexo1/index7014.html]
[shtheme.net/demosd/handylexo1/index9c1c.json]
[shtheme.net/demosd/handylexo1/index2d88.html]
[shtheme.net/demosd/handylexo1/index7b1a.php]
[shtheme.net/demosd/handylexo1/index6353.html]
[shtheme.net/demosd/handylexo1/index0f2a.json]
[shtheme.net/demosd/handylexo1/indexce96.html]
[shtheme.net/demosd/handylexo1/index9f76.php]
[shtheme.net/demosd/handylexo1/index20a4.html]
[shtheme.net/demosd/handylexo1/index-2.html]
[shtheme.net/demosd/handylexo1/services.html]
[shtheme.net/demosd/handylexo1/about.html]
[shtheme.net/demosd/handylexo1/blog.html]
[shtheme.net/demosd/handylexo1/contact.html]
[shtheme.net/demosd/handylexo1/wp-content/plugins/woocommerce/assets/fonts/star.svg]
[shtheme.net/demosd/handylexo1/wp-content/plugins/woocommerce/assets/fonts/WooCommerce.svg]
[shtheme.net/demosd/handylexo1/wp-content/plugins/woocommerce/assets/images/icons/loader.svg]
[shtheme.net/demosd/handylexo1/wp-content/plugins/woocommerce/assets/images/icons/credit-cards/visa.svg]
[shtheme.net/demosd/handylexo1/wp-content/plugins/woocommerce/assets/images/icons/credit-cards/mastercard.svg]
[shtheme.net/demosd/handylexo1/wp-content/plugins/woocommerce/assets/images/icons/credit-cards/laser.svg]
[shtheme.net/demosd/handylexo1/wp-content/plugins/woocommerce/assets/images/icons/credit-cards/diners.svg]
[shtheme.net/demosd/handylexo1/wp-content/plugins/woocommerce/assets/images/icons/credit-cards/maestro.svg]
[shtheme.net/demosd/handylexo1/wp-content/plugins/woocommerce/assets/images/icons/credit-cards/jcb.svg]
[shtheme.net/demosd/handylexo1/wp-content/plugins/woocommerce/assets/images/icons/credit-cards/amex.svg]
[shtheme.net/demosd/handylexo1/wp-content/plugins/woocommerce/assets/images/icons/credit-cards/discover.svg]
[shtheme.net/demosd/handylexo1/wp-content/themes/handyman/fonts/glyphicons-halflings-regular.svg]
[shtheme.net/demosd/handylexo1/wp-content/plugins/js_composer/assets/lib/bower/font-awesome/fonts/fontawesome-webfont3e6e.svg]
[shtheme.net/demosd/handylexo1/wp-content/themes/handyman/css/fonts/Stroke-Gap-Icons.html]
[shtheme.net/demosd/handylexo1/wp-content/themes/handyman/font/Flaticon.svg]
[shtheme.net/demosd/handylexo1/wp-content/themes/handyman/vendors/pro-master-icon/fonts/pro-master-iconcde3.svg]
[shtheme.net/demosd/handylexo1/wp-content/themes/handyman/vendors/owl-carousel/assets/owl.video.play.html]
[shtheme.net/demosd/handylexo1/wp-content/themes/handyman/vendors/rs-plugin/fonts/revicons/revicons90c6.svg]
[shtheme.net/demosd/handylexo1/wp-content/themes/handyman/vendors/rs-plugin/css/openhand.html]
[shtheme.net/demosd/handylexo1/wp-content/themes/handyman/vendors/rs-plugin/css/closedhand.html]
[shtheme.net/demosd/handylexo1/wp-content/themes/handyman/vendors/pro-master-icon/style.css]
[shtheme.net/demosd/handylexo1/wp-content/themes/handyman/css/magnific-popup.css]
[shtheme.net/demosd/handylexo1/wp-content/plugins/js_composer/assets/fonts/vc_icons_v2/fonts/vcpb-plugin-icons01aa.svg]
[shtheme.net/demosd/handylexo1/wp-content/plugins/js_composer/assets/fonts/vc_grid/vc_grid_v157a1.svg]
[shtheme.net/demosd/handylexo1/indexe4db.html]
[shtheme.net/demosd/handylexo1/indexdd23.html]
[shtheme.net/demosd/handylexo1/index72e6.json]
[shtheme.net/demosd/handylexo1/indexb97d.php]
[shtheme.net/demosd/handylexo1/index6aa7.html]
[shtheme.net/demosd/handylexo1/index9b1a.json]
[shtheme.net/demosd/handylexo1/index6255.html]
[shtheme.net/demosd/handylexo1/index4bde.php]
[shtheme.net/demosd/handylexo1/indexa483.html]
[shtheme.net/demosd/handylexo1/indexed4c.json]
[shtheme.net/demosd/handylexo1/indexebdc.php]
[shtheme.net/demosd/handylexo1/indexf641.html]
[shtheme.net/demosd/handylexo1/index6086.json]
[shtheme.net/demosd/handylexo1/indexcdd1.php]
[shtheme.net/demosd/handylexo1/index9d39.html]
[shtheme.net/demosd/handylexo1/indexac9b.json]
[shtheme.net/demosd/handylexo1/indexa43c.php]
[shtheme.net/demosd/handylexo1/indexc577.html]
[shtheme.net/demosd/handylexo1/indexdb66.json]
[shtheme.net/demosd/handylexo1/indexf671.php]
[shtheme.net/demosd/handylexo1/index7c91.html]
[shtheme.net/demosd/handylexo1/index77a3.json]
[shtheme.net/demosd/handylexo1/indexa029.php]
[shtheme.net/demosd/handylexo1/index3810.html]
[shtheme.net/demosd/handylexo1/indexc8df.json]
[shtheme.net/demosd/handylexo1/index652e.php]
[shtheme.net/demosd/handylexo1/index780f.html]
[shtheme.net/demosd/handylexo1/indexf6e6.json]
[shtheme.net/demosd/handylexo1/index339b.php]
[shtheme.net/demosd/handylexo1/indexeda6.html]
[shtheme.net/demosd/handylexo1/indexa868.json]
[shtheme.net/demosd/handylexo1/indexf7ea.php]
[shtheme.net/demosd/handylexo1/index4952.html]
[shtheme.net/demosd/handylexo1/indexbc00.json]
[shtheme.net/demosd/handylexo1/indexc873.php]
[shtheme.net/demosd/handylexo1/index71f8.html]
[shtheme.net/demosd/handylexo1/indexb0a5.json]
[shtheme.net/demosd/handylexo1/indexd822.php]
[shtheme.net/demosd/handylexo1/index6b27.html]
[shtheme.net/demosd/handylexo1/indexcd93.json]
[shtheme.net/demosd/handylexo1/indexcc14.php]
[shtheme.net/demosd/handylexo1/index7e6c.html]
[shtheme.net/demosd/handylexo1/index9698.json]
[shtheme.net/demosd/handylexo1/index0ffd.php]
[shtheme.net/demosd/handylexo1/indexd52b.html]
[shtheme.net/demosd/handylexo1/indexf147.json]
[shtheme.net/demosd/handylexo1/indexc644.php]
[shtheme.net/demosd/handylexo1/index57b7.html]
[shtheme.net/demosd/handylexo1/index397c.json]
[shtheme.net/demosd/handylexo1/indexc689.php]
[shtheme.net/demosd/handylexo1/indexfd9c.html]
[shtheme.net/demosd/handylexo1/index2d2a.html]
[shtheme.net/demosd/handylexo1/indexcd64.html]
[shtheme.net/demosd/handylexo1/index0ced.html]
[shtheme.net/demosd/handylexo1/index78a0.html]
[shtheme.net/demosd/handylexo1/index8a15.json]
[shtheme.net/demosd/handylexo1/indexc171.html]
[shtheme.net/demosd/handylexo1/index4172.php]
[shtheme.net/demosd/handylexo1/index3dee.html]
[shtheme.net/demosd/handylexo1/index74a3.json]
[shtheme.net/demosd/handylexo1/indexf8dd.php]
[shtheme.net/demosd/handylexo1/index0ba6.html]
[shtheme.net/demosd/handylexo1/index2cd7.json]
[shtheme.net/demosd/handylexo1/index8447.php]
[shtheme.net/demosd/handylexo1/index4e1e.html]
[shtheme.net/demosd/handylexo1/indexb59f.json]
[shtheme.net/demosd/handylexo1/index530f.php]
[shtheme.net/demosd/handylexo1/index947d.html]
[shtheme.net/demosd/handylexo1/index9c09.html]
[shtheme.net/demosd/handylexo1/index31fc.html]
[shtheme.net/demosd/handylexo1/index92c8.json]
[shtheme.net/demosd/handylexo1/indexdcc7.php]
[shtheme.net/demosd/handylexo1/index0c5c.html]
[shtheme.net/demosd/handylexo1/index62c1.json]
[shtheme.net/demosd/handylexo1/index7cdd.html]
[shtheme.net/demosd/handylexo1/index45c0.php]
[shtheme.net/demosd/handylexo1/index9a83.html]
[shtheme.net/demosd/handylexo1/index5511.json]
[shtheme.net/demosd/handylexo1/index4b73.php]
[shtheme.net/demosd/handylexo1/indexb17d.html]
[shtheme.net/demosd/handylexo1/index4ba6.json]
[shtheme.net/demosd/handylexo1/indexa707.php]
[shtheme.net/demosd/handylexo1/indexbe59.html]
[shtheme.net/demosd/handylexo1/index5290.json]
[shtheme.net/demosd/handylexo1/index9004.php]
[shtheme.net/demosd/handylexo1/index48e6.html]
[shtheme.net/demosd/handylexo1/indexb4d2.html]
[shtheme.net/demosd/handylexo1/index8945.json]
[shtheme.net/demosd/handylexo1/index29fb.php]
[shtheme.net/demosd/handylexo1/index159b.html]
[shtheme.net/demosd/handylexo1/index9368.json]
[shtheme.net/demosd/handylexo1/indexd7a8.php]
[shtheme.net/demosd/handylexo1/indexd9d7.html]
[shtheme.net/demosd/handylexo1/indexf422.json]
[shtheme.net/demosd/handylexo1/index96af.php]
[shtheme.net/demosd/handylexo1/index3935.html]
[shtheme.net/demosd/handylexo1/indexffe7.json]
[shtheme.net/demosd/handylexo1/index558d.php]
[shtheme.net/demosd/handylexo1/index739b.html]
[shtheme.net/demosd/handylexo1/indexffed.json]
[shtheme.net/demosd/handylexo1/index3cf5.php]
[shtheme.net/demosd/handylexo1/index7916.html]
[shtheme.net/demosd/handylexo1/indexee61.json]
[shtheme.net/demosd/handylexo1/index58bd.php]
[shtheme.net/demosd/handylexo1/index9194.html]
[shtheme.net/demosd/handylexo1/index227f.json]
[shtheme.net/demosd/handylexo1/indexa3ed.php]
[shtheme.net/demosd/handylexo1/indexd177.html]
[shtheme.net/demosd/handylexo1/indexf3aa.json]
[shtheme.net/demosd/handylexo1/indexf477.php]
[shtheme.net/demosd/handylexo1/index5b6c.html]
[shtheme.net/demosd/handylexo1/indexfbc5.html]
[shtheme.net/demosd/handylexo1/index5bf6.html]
[shtheme.net/demosd/handylexo1/index73fa.html]
[shtheme.net/demosd/handylexo1/index90b2.html]
[shtheme.net/demosd/handylexo1/index486a.html]
[shtheme.net/demosd/handylexo1/indexd08c.html]
[shtheme.net/demosd/handylexo1/index5e74.html]
[shtheme.net/demosd/handylexo1/single-project.html]
[shtheme.net/demosd/handylexo1/index221f.html]
[shtheme.net/demosd/handylexo1/indexb847.json]
[shtheme.net/demosd/handylexo1/indexf21e.html]
[shtheme.net/demosd/handylexo1/indexed80.html]
[shtheme.net/demosd/handylexo1/indexf480.php]
[shtheme.net/demosd/handylexo1/index46a1.html]
[shtheme.net/demosd/handylexo1/indexd16f.json]
[shtheme.net/demosd/handylexo1/indexa13a.php]
[shtheme.net/demosd/handylexo1/index979e.html]
[shtheme.net/demosd/handylexo1/index2108.json]
[shtheme.net/demosd/handylexo1/index2473.php]
[shtheme.net/demosd/handylexo1/indexd205.html]
[shtheme.net/demosd/handylexo1/index7305.json]
[shtheme.net/demosd/handylexo1/indexf9b9.php]
[shtheme.net/demosd/handylexo1/index4bcd.html]
[shtheme.net/demosd/handylexo1/indexb36d.html]
[shtheme.net/demosd/handylexo1/indexd4a8.json]
[shtheme.net/demosd/handylexo1/indexf696.html]
[shtheme.net/demosd/handylexo1/index364f.html]
[shtheme.net/demosd/handylexo1/index6504.php]
[shtheme.net/demosd/handylexo1/index41ea.html]
[shtheme.net/demosd/handylexo1/index80a3.html]
[shtheme.net/demosd/handylexo1/indexeffc.html]
[shtheme.net/demosd/handylexo1/indexc7ce.html]
[shtheme.net/demosd/handylexo1/index2206.html]
[shtheme.net/demosd/handylexo1/index9844.html]
[shtheme.net/demosd/handylexo1/index9222.html]
[shtheme.net/demosd/handylexo1/index1f80.html]
[shtheme.net/demosd/handylexo1/indexfc08.html]
[shtheme.net/demosd/handylexo1/index3fdf.html]
[shtheme.net/demosd/handylexo1/indexd272.html]
[shtheme.net/demosd/handylexo1/index60a6.html]
[shtheme.net/demosd/handylexo1/indexc5e6.html]
[shtheme.net/demosd/handylexo1/wp-content/plugins/woocommerce/assets/css/prettyPhotod7ad.css]
[shtheme.net/demosd/handylexo1/index48a5.html]
[shtheme.net/demosd/handylexo1/index156d.html]
[shtheme.net/demosd/handylexo1/indexfa32.html]
[shtheme.net/demosd/handylexo1/index69d5.html]
[shtheme.net/demosd/handylexo1/index2fb8.json]
[shtheme.net/demosd/handylexo1/indexc07d.php]
[shtheme.net/demosd/handylexo1/wp-content/uploads/2018/10/515YhEK9lML._SL1200_.jpg]
[shtheme.net/demosd/handylexo1/indexce23.html]
[shtheme.net/demosd/handylexo1/indexfef8.html]
[shtheme.net/demosd/handylexo1/index291a.html]
[shtheme.net/demosd/handylexo1/indexad22.html]
[shtheme.net/demosd/handylexo1/indexcde4.html]
[shtheme.net/demosd/handylexo1/index49ce.html]
[shtheme.net/demosd/handylexo1/index1206.html]
[shtheme.net/demosd/handylexo1/index42dc.html]
[shtheme.net/demosd/handylexo1/index59ae.html]
[shtheme.net/demosd/handylexo1/index376e.html]
[shtheme.net/demosd/handylexo1/index5b0d.html]
[shtheme.net/demosd/handylexo1/index9533.html]
[shtheme.net/demosd/handylexo1/index8b93.html]
[shtheme.net/demosd/handylexo1/index29c7.html]
[shtheme.net/demosd/handylexo1/index8256.html]
[shtheme.net/demosd/handylexo1/index1cd2.html]
[shtheme.net/demosd/handylexo1/indexb5fb.html]
[shtheme.net/demosd/handylexo1/indexc5b3.html]
[shtheme.net/demosd/handylexo1/index53e7.html]
[shtheme.net/demosd/handylexo1/indexd245.html]
[shtheme.net/demosd/handylexo1/indexf984.html]
[shtheme.net/demosd/handylexo1/index1259.html]
[shtheme.net/demosd/handylexo1/index9d7b.html]
[shtheme.net/demosd/handylexo1/index7626.html]
[shtheme.net/demosd/handylexo1/indexcdec.html]
[shtheme.net/demosd/handylexo1/indexae02.html]
[shtheme.net/demosd/handylexo1/index9940.html]
[shtheme.net/demosd/handylexo1/indexd664.html]
[shtheme.net/demosd/handylexo1/index18a1.html]
[shtheme.net/demosd/handylexo1/index8a93.html]
[shtheme.net/demosd/handylexo1/index1319.html]
[shtheme.net/demosd/handylexo1/index00f8.html]
[shtheme.net/demosd/handylexo1/indexbfb4.html]
[shtheme.net/demosd/handylexo1/index45b8.html]
[shtheme.net/demosd/handylexo1/index6e48.json]
[shtheme.net/demosd/handylexo1/index58e4.php]
[shtheme.net/demosd/handylexo1/indexd5d5.html]
[shtheme.net/demosd/handylexo1/index73a3.html]
[shtheme.net/demosd/handylexo1/index58f8.html]
[shtheme.net/demosd/handylexo1/index07c4.html]
[shtheme.net/demosd/handylexo1/indexcd30.html]
[shtheme.net/demosd/handylexo1/index5d59.json]
[shtheme.net/demosd/handylexo1/index0c02.php]
[shtheme.net/demosd/handylexo1/indexad9f.html]
[shtheme.net/demosd/handylexo1/indexf3fb.html]
[shtheme.net/demosd/handylexo1/index9238.html]
[shtheme.net/demosd/handylexo1/index124c.html]
[shtheme.net/demosd/handylexo1/index73d3.html]
[shtheme.net/demosd/handylexo1/index8b87.json]
[shtheme.net/demosd/handylexo1/index188c.php]
[shtheme.net/demosd/handylexo1/index161f.html]
[shtheme.net/demosd/handylexo1/index9d7e.html]
[shtheme.net/demosd/handylexo1/indexc1f6.html]
[shtheme.net/demosd/handylexo1/index3248.html]
[shtheme.net/demosd/handylexo1/index69a5.html]
[shtheme.net/demosd/handylexo1/index9dde.html]
[shtheme.net/demosd/handylexo1/index2c1b.html]
[shtheme.net/demosd/handylexo1/indexd60c.html]
[shtheme.net/demosd/handylexo1/index5308.json]
[shtheme.net/demosd/handylexo1/indexebe7.html]
[shtheme.net/demosd/handylexo1/indexad11.php]
[shtheme.net/demosd/handylexo1/index678b.html]
[shtheme.net/demosd/handylexo1/index8e1d.html]
[shtheme.net/demosd/handylexo1/index3317.html]
[shtheme.net/demosd/handylexo1/index0b56.html]
[shtheme.net/demosd/handylexo1/index5418.html]
[shtheme.net/demosd/handylexo1/index01ca.html]
[shtheme.net/demosd/handylexo1/indexd766.html]
[shtheme.net/demosd/handylexo1/indexdaf8.html]
[shtheme.net/demosd/handylexo1/index90dd.html]
[shtheme.net/demosd/handylexo1/index0c23.html]
[shtheme.net/demosd/handylexo1/index45c8.html]
[shtheme.net/demosd/handylexo1/indexd221.html]
[shtheme.net/demosd/handylexo1/index1641.html]
[shtheme.net/demosd/handylexo1/index5d3d.html]
[shtheme.net/demosd/handylexo1/index5c5c.html]
[shtheme.net/demosd/handylexo1/indexfbce.html]
[shtheme.net/demosd/handylexo1/index181c.html]
[shtheme.net/demosd/handylexo1/indexd89d.html]
[shtheme.net/demosd/handylexo1/index4007.html]
[shtheme.net/demosd/handylexo1/indexc544.html]
[shtheme.net/demosd/handylexo1/index56c1.html]
[shtheme.net/demosd/handylexo1/index1639.html]
[shtheme.net/demosd/handylexo1/indexad18.html]
[shtheme.net/demosd/handylexo1/index124d.html]
[shtheme.net/demosd/handylexo1/index5fed.html]
[shtheme.net/demosd/handylexo1/index834e.html]
[shtheme.net/demosd/handylexo1/index3c36.html]
[shtheme.net/demosd/handylexo1/indexdafd.html]
[shtheme.net/demosd/handylexo1/index191d.html]
[shtheme.net/demosd/handylexo1/index0999.html]
[shtheme.net/demosd/handylexo1/index6204.html]
[shtheme.net/demosd/handylexo1/index638b.json]
[shtheme.net/demosd/handylexo1/index5ccb.html]
[shtheme.net/demosd/handylexo1/index30d7.php]
[shtheme.net/demosd/handylexo1/index3645.html]
[shtheme.net/demosd/handylexo1/indexc518.html]
[shtheme.net/demosd/handylexo1/index0f15.html]
[shtheme.net/demosd/handylexo1/index0acd.html]
[shtheme.net/demosd/handylexo1/indexaef7.html]
[shtheme.net/demosd/handylexo1/index1d45.html]
[shtheme.net/demosd/handylexo1/index13a9.html]
[shtheme.net/demosd/handylexo1/index7aeb.html]
[shtheme.net/demosd/handylexo1/index4010.html]
[shtheme.net/demosd/handylexo1/index13f6.html]
[shtheme.net/demosd/handylexo1/index51e2.html]
[shtheme.net/demosd/handylexo1/indexb388.html]
[shtheme.net/demosd/handylexo1/indexca7f.html]
[shtheme.net/demosd/handylexo1/indexd833.html]
[shtheme.net/demosd/handylexo1/indexbdc9.html]
[shtheme.net/demosd/handylexo1/indexc6df.html]
[shtheme.net/demosd/handylexo1/index3f3a.html]
[shtheme.net/demosd/handylexo1/index6255.html]
[shtheme.net/demosd/handylexo1/indexe80a.html]
[shtheme.net/demosd/handylexo1/indexbba6.html]
[shtheme.net/demosd/handylexo1/indexe839.html]
[shtheme.net/demosd/handylexo1/index6a8c.html]
[shtheme.net/demosd/handylexo1/index6425.html]
[shtheme.net/demosd/handylexo1/index49a5.html]
[shtheme.net/demosd/handylexo1/indexba99.html]
[shtheme.net/demosd/handylexo1/index9f26.html]
[shtheme.net/demosd/handylexo1/index3d6b.html]
[shtheme.net/demosd/handylexo1/indexae74.html]
[shtheme.net/demosd/handylexo1/index6494.html]
[shtheme.net/demosd/handylexo1/index8cae.html]
[shtheme.net/demosd/handylexo1/index68e9.html]
[shtheme.net/demosd/handylexo1/index95d3.html]
[shtheme.net/demosd/handylexo1/index96f1.html]
[shtheme.net/demosd/handylexo1/indexfa39.html]
[shtheme.net/demosd/handylexo1/index1492.html]
[shtheme.net/demosd/handylexo1/index6cf3.html]
[shtheme.net/demosd/handylexo1/index8619.html]
[shtheme.net/demosd/handylexo1/index07dc.html]
[shtheme.net/demosd/handylexo1/index9c49.html]
[shtheme.net/demosd/handylexo1/indexe244.html]
[shtheme.net/demosd/handylexo1/indexbfcd.html]
[shtheme.net/demosd/handylexo1/index02a9.html]
[shtheme.net/demosd/handylexo1/indexd52d.html]
[shtheme.net/demosd/handylexo1/indexb4d0.html]
[shtheme.net/demosd/handylexo1/index1c00.html]
[shtheme.net/demosd/handylexo1/index1441.html]
[shtheme.net/demosd/handylexo1/indexddc5.html]
[shtheme.net/demosd/handylexo1/index9751.html]
[shtheme.net/demosd/handylexo1/indexcd88.html]
[shtheme.net/demosd/handylexo1/indexe5f1.html]
[shtheme.net/demosd/handylexo1/index5070.html]
[shtheme.net/demosd/handylexo1/indexc2e5.html]
[shtheme.net/demosd/handylexo1/index62e3.html]
[shtheme.net/demosd/handylexo1/indexb8c4.html]
[shtheme.net/demosd/handylexo1/index64a9.html]
[shtheme.net/demosd/handylexo1/indexa3d6.html]
[shtheme.net/demosd/handylexo1/indexf6a9.html]
[shtheme.net/demosd/handylexo1/index68d3.html]
[shtheme.net/demosd/handylexo1/index3fe1.html]
[shtheme.net/demosd/handylexo1/indexbcd6.html]
[shtheme.net/demosd/handylexo1/indexbd5b.html]
[shtheme.net/demosd/handylexo1/index45b7.html]
[shtheme.net/demosd/handylexo1/indexb247.html]
[shtheme.net/demosd/handylexo1/indexc171.html]
[shtheme.net/demosd/handylexo1/index8fa1.html]
[shtheme.net/demosd/handylexo1/index49db.html]
[shtheme.net/demosd/handylexo1/index1037.html]
[shtheme.net/demosd/handylexo1/index8cf0.html]
[shtheme.net/demosd/handylexo1/index3c39.html]
[shtheme.net/demosd/handylexo1/indexc259.html]
[shtheme.net/demosd/handylexo1/index1a93.html]
[shtheme.net/demosd/handylexo1/index2b55.html]
[shtheme.net/demosd/handylexo1/indexd409.html]
[shtheme.net/demosd/handylexo1/indexd6e1.html]
[shtheme.net/demosd/handylexo1/indexa8e1.html]
[shtheme.net/demosd/handylexo1/index135e.html]
[shtheme.net/demosd/handylexo1/indexb773.html]
[shtheme.net/demosd/handylexo1/indexe126.html]
[shtheme.net/demosd/handylexo1/index5708.html]
[shtheme.net/demosd/handylexo1/index7a58.html]
[shtheme.net/demosd/handylexo1/index7cdd.html]
[shtheme.net/demosd/handylexo1/index69ee.html]
[shtheme.net/demosd/handylexo1/index581b.html]
[shtheme.net/demosd/handylexo1/index25b8.html]
[shtheme.net/demosd/handylexo1/indexfd74.html]
[shtheme.net/demosd/handylexo1/index2c74.html]
[shtheme.net/demosd/handylexo1/indexc20c.html]
[shtheme.net/demosd/handylexo1/indexf8ad.html]
[shtheme.net/demosd/handylexo1/indexb6f8.html]
[shtheme.net/demosd/handylexo1/index2ae7.html]
[shtheme.net/demosd/handylexo1/indexc1f5.html]
[shtheme.net/demosd/handylexo1/indexf0f3.html]
[shtheme.net/demosd/handylexo1/index1c50.html]
[shtheme.net/demosd/handylexo1/index1c56.html]
[shtheme.net/demosd/handylexo1/index9e48.html]
[shtheme.net/demosd/handylexo1/indexff23.html]
[shtheme.net/demosd/handylexo1/index3e90.html]
[shtheme.net/demosd/handylexo1/index9877.html]
[shtheme.net/demosd/handylexo1/indexada0.html]
[shtheme.net/demosd/handylexo1/index22d6.html]
[shtheme.net/demosd/handylexo1/index61cd.html]
[shtheme.net/demosd/handylexo1/index9d91.html]
[shtheme.net/demosd/handylexo1/index3350.html]
[shtheme.net/demosd/handylexo1/index4019.html]
[shtheme.net/demosd/handylexo1/index9c2b.html]
[shtheme.net/demosd/handylexo1/index8a9a.html]
[shtheme.net/demosd/handylexo1/indexcb94.html]
[shtheme.net/demosd/handylexo1/index8af0.html]
[shtheme.net/demosd/handylexo1/index2c00.html]
[shtheme.net/demosd/handylexo1/indexf80f.html]
[shtheme.net/demosd/handylexo1/indexeca9.html]
[shtheme.net/demosd/handylexo1/index8812.html]
[shtheme.net/demosd/handylexo1/indexd1a7.html]
[shtheme.net/demosd/handylexo1/index2e8a.html]
[shtheme.net/demosd/handylexo1/index87e6.html]
[shtheme.net/demosd/handylexo1/indexbb20.html]
[shtheme.net/demosd/handylexo1/index1611.html]
[shtheme.net/demosd/handylexo1/indexf21e.html]
[shtheme.net/demosd/handylexo1/indexed80.html]
[shtheme.net/demosd/handylexo1/indexeddf.html]
[shtheme.net/demosd/handylexo1/index87e9.html]
[shtheme.net/demosd/handylexo1/index5d38.html]
[shtheme.net/demosd/handylexo1/index1011.html]
[shtheme.net/demosd/handylexo1/index62a5.html]
[shtheme.net/demosd/handylexo1/index648c.html]
[shtheme.net/demosd/handylexo1/index3bdc.html]
[shtheme.net/demosd/handylexo1/index496c.html]
[shtheme.net/demosd/handylexo1/index55e4.html]
[shtheme.net/demosd/handylexo1/index62dc.html]
[shtheme.net/demosd/handylexo1/indexdf1b.html]
[shtheme.net/demosd/handylexo1/index44d0.html]
[shtheme.net/demosd/handylexo1/indexf696.html]
[shtheme.net/demosd/handylexo1/index44c7.html]
[shtheme.net/demosd/handylexo1/index7ff8.html]
[shtheme.net/demosd/handylexo1/indexb14a.html]
[shtheme.net/demosd/handylexo1/index3fdf-2.html]
[shtheme.net/demosd/handylexo1/indexed95.html]
[shtheme.net/demosd/handylexo1/index3a58.json]
[shtheme.net/demosd/handylexo1/index4142.html]
[shtheme.net/demosd/handylexo1/index3d1b.php]
[shtheme.net/demosd/handylexo1/index364f.html]
[shtheme.net/demosd/handylexo1/indexf652.html]
[shtheme.net/demosd/handylexo1/index3fdf.html]
[shtheme.net/demosd/handylexo1/indexfc08.html]
[shtheme.net/demosd/handylexo1/index9699.json]
[shtheme.net/demosd/handylexo1/indexf127.php]
[shtheme.net/demosd/handylexo1/indexd272.html]
[shtheme.net/demosd/handylexo1/indexc5e6.html]
[shtheme.net/demosd/handylexo1/index48a5.html]
[shtheme.net/demosd/handylexo1/index156d.html]
[shtheme.net/demosd/handylexo1/indexfa32.html]
[shtheme.net/demosd/handylexo1/index69d5.html]
[shtheme.net/demosd/handylexo1/index3c21.html]
[shtheme.net/demosd/handylexo1/index65ba.html]
[shtheme.net/demosd/handylexo1/index543d.html]
[shtheme.net/demosd/handylexo1/indexc164.html]
[shtheme.net/demosd/handylexo1/index2d8c.html]
[shtheme.net/demosd/handylexo1/indexcde4.html]
[shtheme.net/demosd/handylexo1/index291a.html]
[shtheme.net/demosd/handylexo1/indexad22.html]
[shtheme.net/demosd/handylexo1/index86f8.html]
[shtheme.net/demosd/handylexo1/index1f04.json]
[shtheme.net/demosd/handylexo1/index1d26.html]
[shtheme.net/demosd/handylexo1/index075f.php]
[shtheme.net/demosd/handylexo1/index42dc.html]
[shtheme.net/demosd/handylexo1/index59ae.html]
[shtheme.net/demosd/handylexo1/indexf1a3.json]
[shtheme.net/demosd/handylexo1/index57a0.html]
[shtheme.net/demosd/handylexo1/indexdf39.php]
[shtheme.net/demosd/handylexo1/indexb5fb.html]
[shtheme.net/demosd/handylexo1/index1435.html]
[shtheme.net/demosd/handylexo1/index50a3.html]
[shtheme.net/demosd/handylexo1/indexe8d3.html]
[shtheme.net/demosd/handylexo1/index58f8.html]
[shtheme.net/demosd/handylexo1/index07c4.html]
[shtheme.net/demosd/handylexo1/indexcd30.html]
[shtheme.net/demosd/handylexo1/index1106.html]
[shtheme.net/demosd/handylexo1/indexf1ac.html]
[shtheme.net/demosd/handylexo1/index9238.html]
[shtheme.net/demosd/handylexo1/index73d3.html]
[shtheme.net/demosd/handylexo1/index124c.html]
[shtheme.net/demosd/handylexo1/indexc9c3.html]
[shtheme.net/demosd/handylexo1/index4bf1.html]
[shtheme.net/demosd/handylexo1/index268a.html]
[shtheme.net/demosd/handylexo1/indexc351.html]
[shtheme.net/demosd/handylexo1/index69a5.html]
[shtheme.net/demosd/handylexo1/index2c1b.html]
[shtheme.net/demosd/handylexo1/index9dde.html]
[shtheme.net/demosd/handylexo1/indexd60c.html]
[shtheme.net/demosd/handylexo1/indexfbce.html]
[shtheme.net/demosd/handylexo1/index5c5c.html]
[shtheme.net/demosd/handylexo1/index181c.html]
[shtheme.net/demosd/handylexo1/index5fed.html]
[shtheme.net/demosd/handylexo1/index191d.html]
[shtheme.net/demosd/handylexo1/indexdafd.html]
[shtheme.net/demosd/handylexo1/index0999.html]
[shtheme.net/demosd/handylexo1/index6204.html]
[shtheme.net/demosd/handylexo1/index1142.html]
[shtheme.net/demosd/handylexo1/index9c7d.html]
[shtheme.net/demosd/handylexo1/indexf665.html]
[shtheme.net/demosd/handylexo1/index6775.json]
[shtheme.net/demosd/handylexo1/index6c4f.html]
[shtheme.net/demosd/handylexo1/index2dd2.html]
[shtheme.net/demosd/handylexo1/index1744.php]
[shtheme.net/demosd/handylexo1/index5ccb.html]
[shtheme.net/demosd/handylexo1/index6f72.html]
[shtheme.net/demosd/handylexo1/index51e2.html]
[shtheme.net/demosd/handylexo1/index13f6.html]
[shtheme.net/demosd/handylexo1/indexb388.html]
[shtheme.net/demosd/handylexo1/indexbba6.html]
[shtheme.net/demosd/handylexo1/index9f26.html]
[shtheme.net/demosd/handylexo1/index6425.html]
[shtheme.net/demosd/handylexo1/index3d6b.html]
[shtheme.net/demosd/handylexo1/index95d3.html]
[shtheme.net/demosd/handylexo1/index1492.html]
[shtheme.net/demosd/handylexo1/indexbfcd.html]
[shtheme.net/demosd/handylexo1/index07dc.html]
[shtheme.net/demosd/handylexo1/index02a9.html]
[shtheme.net/demosd/handylexo1/indexddc5.html]
[shtheme.net/demosd/handylexo1/indexe5f1.html]
[shtheme.net/demosd/handylexo1/index62e3.html]
[shtheme.net/demosd/handylexo1/indexa3d6.html]
[shtheme.net/demosd/handylexo1/index3fe1.html]
[shtheme.net/demosd/handylexo1/index45b7.html]
[shtheme.net/demosd/handylexo1/index8fa1.html]
[shtheme.net/demosd/handylexo1/index49db.html]
[shtheme.net/demosd/handylexo1/indexc259.html]
[shtheme.net/demosd/handylexo1/indexd409.html]
[shtheme.net/demosd/handylexo1/index135e.html]
[shtheme.net/demosd/handylexo1/index5708.html]
[shtheme.net/demosd/handylexo1/index581b.html]
[shtheme.net/demosd/handylexo1/indexc20c.html]
[shtheme.net/demosd/handylexo1/index2c74.html]
[shtheme.net/demosd/handylexo1/indexf0f3.html]
[shtheme.net/demosd/handylexo1/index9e48.html]
[shtheme.net/demosd/handylexo1/index9877.html]
[shtheme.net/demosd/handylexo1/index9d91.html]
[shtheme.net/demosd/handylexo1/index61cd.html]
[shtheme.net/demosd/handylexo1/indexcb94.html]
[shtheme.net/demosd/handylexo1/indexf80f.html]
[shtheme.net/demosd/handylexo1/indexeca9.html]
[shtheme.net/demosd/handylexo1/index8812.html]
[shtheme.net/demosd/handylexo1/index87e9.html]
[shtheme.net/demosd/handylexo1/indexdf1b.html]
[shtheme.net/demosd/handylexo1/index496c.html]
[shtheme.net/demosd/handylexo1/index62a5.html]
[shtheme.net/demosd/handylexo1/index7ff8.html]
[shtheme.net/demosd/handylexo1/indexb14a.html]
[shtheme.net/demosd/handylexo1/index3fdf-2.html]
[shtheme.net/demosd/handylexo1/indexed95.html]
[shtheme.net/demosd/handylexo1/index5858.html]
[shtheme.net/demosd/handylexo1/index6174.json]
[shtheme.net/demosd/handylexo1/indexa264.html]
[shtheme.net/demosd/handylexo1/indexc665.html]
[shtheme.net/demosd/handylexo1/index0490.php]
[shtheme.net/demosd/handylexo1/index4142.html]
[shtheme.net/demosd/handylexo1/index246f.html]
[shtheme.net/demosd/handylexo1/indexf870.html]
[shtheme.net/demosd/handylexo1/index0945.html]
[shtheme.net/demosd/handylexo1/index543d.html]
[shtheme.net/demosd/handylexo1/index65ba.html]
[shtheme.net/demosd/handylexo1/indexc164.html]
[shtheme.net/demosd/handylexo1/index86f8.html]
[shtheme.net/demosd/handylexo1/index50a3.html]
[shtheme.net/demosd/handylexo1/index4bf1.html]
[shtheme.net/demosd/handylexo1/indexc9c3.html]
[shtheme.net/demosd/handylexo1/index9c7d.html]
[shtheme.net/demosd/handylexo1/indexf665.html]
[shtheme.net/demosd/handylexo1/index6c4f.html]
[shtheme.net/demosd/handylexo1/indexa0dc.html]
[shtheme.net/demosd/handylexo1/index2b47.html]
[shtheme.net/demosd/handylexo1/index5ca4.html]
[shtheme.net/demosd/handylexo1/index9dce.json]
[shtheme.net/demosd/handylexo1/index6d16.php]
[shtheme.net/demosd/handylexo1/index2dd2.html]
[shtheme.net/demosd/handylexo1/index5eda.html]
[shtheme.net/demosd/handylexo1/indexa264.html]
[shtheme.net/demosd/handylexo1/indexf548.html]
[shtheme.net/demosd/handylexo1/indexd623.json]
[shtheme.net/demosd/handylexo1/index0dff.html]
[shtheme.net/demosd/handylexo1/index4d47.php]
[shtheme.net/demosd/handylexo1/indexc665.html]
[shtheme.net/demosd/handylexo1/index3a5c.html]
[shtheme.net/demosd/handylexo1/index2b47.html]
[shtheme.net/demosd/handylexo1/index5ca4.html]
[shtheme.net/demosd/handylexo1/index4cde.html]
[shtheme.net/demosd/handylexo1/index5cfa.html]
[shtheme.net/demosd/handylexo1/index0dff.html]
[shtheme.net/demosd/handylexo1/indexa084.html]
[shtheme.net/demosd/handylexo1/index475a.html]
[shtheme.net/demosd/handylexo1/index463f.html]
[shtheme.net/demosd/handylexo1/index91b4.html]
[shtheme.net/demosd/handylexo1/index91b4.html]
[shtheme.net/demosd/handylexo1/index463f.html]
